[2024-03-14T10:07:06.956-0400][gc,init] CardTable entry size: 512
[2024-03-14T10:07:06.956-0400][gc     ] Using G1
[2024-03-14T10:07:06.957-0400][gc,init] Version: 19.0.2+7-44 (release)
[2024-03-14T10:07:06.957-0400][gc,init] CPUs: 8 total, 8 available
[2024-03-14T10:07:06.957-0400][gc,init] Memory: 8192M
[2024-03-14T10:07:06.957-0400][gc,init] Large Page Support: Disabled
[2024-03-14T10:07:06.957-0400][gc,init] NUMA Support: Disabled
[2024-03-14T10:07:06.957-0400][gc,init] Compressed Oops: Enabled (Zero based)
[2024-03-14T10:07:06.957-0400][gc,init] Heap Region Size: 1M
[2024-03-14T10:07:06.957-0400][gc,init] Heap Min Capacity: 1G
[2024-03-14T10:07:06.957-0400][gc,init] Heap Initial Capacity: 1G
[2024-03-14T10:07:06.957-0400][gc,init] Heap Max Capacity: 1G
[2024-03-14T10:07:06.957-0400][gc,init] Pre-touch: Disabled
[2024-03-14T10:07:06.957-0400][gc,init] Parallel Workers: 8
[2024-03-14T10:07:06.957-0400][gc,init] Concurrent Workers: 2
[2024-03-14T10:07:06.957-0400][gc,init] Concurrent Refinement Workers: 8
[2024-03-14T10:07:06.957-0400][gc,init] Periodic GC: Disabled
[2024-03-14T10:07:06.957-0400][gc,metaspace] CDS archive(s) mapped at: [0x0000000800000000-0x0000000800c48000-0x0000000800c48000), size 12877824, SharedBaseAddress: 0x0000000800000000, ArchiveRelocationMode: 0.
[2024-03-14T10:07:06.957-0400][gc,metaspace] Compressed class space mapped at: 0x0000000801000000-0x0000000841000000, reserved size: 1073741824
[2024-03-14T10:07:06.957-0400][gc,metaspace] Narrow klass base: 0x0000000800000000, Narrow klass shift: 0, Narrow klass range: 0x100000000
[2024-03-14T10:07:07.633-0400][gc,start    ] GC(0) Pause Young (Normal) (G1 Evacuation Pause)
[2024-03-14T10:07:07.633-0400][gc,task     ] GC(0) Using 8 workers of 8 for evacuation
[2024-03-14T10:07:07.637-0400][gc,phases   ] GC(0)   Pre Evacuate Collection Set: 0.1ms
[2024-03-14T10:07:07.637-0400][gc,phases   ] GC(0)   Merge Heap Roots: 0.0ms
[2024-03-14T10:07:07.637-0400][gc,phases   ] GC(0)   Evacuate Collection Set: 3.5ms
[2024-03-14T10:07:07.637-0400][gc,phases   ] GC(0)   Post Evacuate Collection Set: 0.3ms
[2024-03-14T10:07:07.637-0400][gc,phases   ] GC(0)   Other: 0.2ms
[2024-03-14T10:07:07.637-0400][gc,heap     ] GC(0) Eden regions: 51->0(44)
[2024-03-14T10:07:07.637-0400][gc,heap     ] GC(0) Survivor regions: 0->7(7)
[2024-03-14T10:07:07.637-0400][gc,heap     ] GC(0) Old regions: 0->1
[2024-03-14T10:07:07.637-0400][gc,heap     ] GC(0) Archive regions: 2->2
[2024-03-14T10:07:07.637-0400][gc,heap     ] GC(0) Humongous regions: 0->0
[2024-03-14T10:07:07.637-0400][gc,metaspace] GC(0) Metaspace: 17906K(18112K)->17906K(18112K) NonClass: 15877K(16000K)->15877K(16000K) Class: 2029K(2112K)->2029K(2112K)
[2024-03-14T10:07:07.637-0400][gc          ] GC(0) Pause Young (Normal) (G1 Evacuation Pause) 51M->8M(1024M) 4.298ms
[2024-03-14T10:07:07.637-0400][gc,cpu      ] GC(0) User=0.01s Sys=0.01s Real=0.00s
[2024-03-14T10:07:07.746-0400][gc,start    ] GC(1) Pause Young (Concurrent Start) (Metadata GC Threshold)
[2024-03-14T10:07:07.746-0400][gc,task     ] GC(1) Using 8 workers of 8 for evacuation
[2024-03-14T10:07:07.748-0400][gc,phases   ] GC(1)   Pre Evacuate Collection Set: 0.1ms
[2024-03-14T10:07:07.748-0400][gc,phases   ] GC(1)   Merge Heap Roots: 0.0ms
[2024-03-14T10:07:07.748-0400][gc,phases   ] GC(1)   Evacuate Collection Set: 2.1ms
[2024-03-14T10:07:07.748-0400][gc,phases   ] GC(1)   Post Evacuate Collection Set: 0.2ms
[2024-03-14T10:07:07.748-0400][gc,phases   ] GC(1)   Other: 0.0ms
[2024-03-14T10:07:07.748-0400][gc,heap     ] GC(1) Eden regions: 14->0(49)
[2024-03-14T10:07:07.748-0400][gc,heap     ] GC(1) Survivor regions: 7->2(7)
[2024-03-14T10:07:07.748-0400][gc,heap     ] GC(1) Old regions: 1->8
[2024-03-14T10:07:07.748-0400][gc,heap     ] GC(1) Archive regions: 2->2
[2024-03-14T10:07:07.748-0400][gc,heap     ] GC(1) Humongous regions: 0->0
[2024-03-14T10:07:07.748-0400][gc,metaspace] GC(1) Metaspace: 21279K(21504K)->21279K(21504K) NonClass: 18822K(18944K)->18822K(18944K) Class: 2456K(2560K)->2456K(2560K)
[2024-03-14T10:07:07.748-0400][gc          ] GC(1) Pause Young (Concurrent Start) (Metadata GC Threshold) 22M->9M(1024M) 2.520ms
[2024-03-14T10:07:07.749-0400][gc,cpu      ] GC(1) User=0.01s Sys=0.00s Real=0.00s
[2024-03-14T10:07:07.749-0400][gc          ] GC(2) Concurrent Mark Cycle
[2024-03-14T10:07:07.749-0400][gc,marking  ] GC(2) Concurrent Clear Claimed Marks
[2024-03-14T10:07:07.749-0400][gc,marking  ] GC(2) Concurrent Clear Claimed Marks 0.011ms
[2024-03-14T10:07:07.749-0400][gc,marking  ] GC(2) Concurrent Scan Root Regions
[2024-03-14T10:07:07.750-0400][gc,marking  ] GC(2) Concurrent Scan Root Regions 1.149ms
[2024-03-14T10:07:07.750-0400][gc,marking  ] GC(2) Concurrent Mark
[2024-03-14T10:07:07.750-0400][gc,marking  ] GC(2) Concurrent Mark From Roots
[2024-03-14T10:07:07.750-0400][gc,task     ] GC(2) Using 2 workers of 2 for marking
[2024-03-14T10:07:07.751-0400][gc,marking  ] GC(2) Concurrent Mark From Roots 0.847ms
[2024-03-14T10:07:07.751-0400][gc,marking  ] GC(2) Concurrent Preclean
[2024-03-14T10:07:07.751-0400][gc,marking  ] GC(2) Concurrent Preclean 0.006ms
[2024-03-14T10:07:07.751-0400][gc,start    ] GC(2) Pause Remark
[2024-03-14T10:07:07.752-0400][gc          ] GC(2) Pause Remark 10M->10M(1024M) 0.886ms
[2024-03-14T10:07:07.752-0400][gc,cpu      ] GC(2) User=0.00s Sys=0.01s Real=0.00s
[2024-03-14T10:07:07.752-0400][gc,marking  ] GC(2) Concurrent Mark 1.996ms
[2024-03-14T10:07:07.752-0400][gc,marking  ] GC(2) Concurrent Rebuild Remembered Sets
[2024-03-14T10:07:07.753-0400][gc,marking  ] GC(2) Concurrent Rebuild Remembered Sets 1.495ms
[2024-03-14T10:07:07.753-0400][gc,start    ] GC(2) Pause Cleanup
[2024-03-14T10:07:07.753-0400][gc          ] GC(2) Pause Cleanup 10M->10M(1024M) 0.055ms
[2024-03-14T10:07:07.753-0400][gc,cpu      ] GC(2) User=0.00s Sys=0.00s Real=0.00s
[2024-03-14T10:07:07.753-0400][gc,marking  ] GC(2) Concurrent Cleanup for Next Mark
[2024-03-14T10:07:07.755-0400][gc,marking  ] GC(2) Concurrent Cleanup for Next Mark 1.371ms
[2024-03-14T10:07:07.755-0400][gc          ] GC(2) Concurrent Mark Cycle 6.215ms
[2024-03-14T10:07:08.086-0400][gc,start    ] GC(3) Pause Young (Normal) (G1 Evacuation Pause)
[2024-03-14T10:07:08.086-0400][gc,task     ] GC(3) Using 8 workers of 8 for evacuation
[2024-03-14T10:07:08.089-0400][gc,phases   ] GC(3)   Pre Evacuate Collection Set: 0.1ms
[2024-03-14T10:07:08.089-0400][gc,phases   ] GC(3)   Merge Heap Roots: 0.0ms
[2024-03-14T10:07:08.089-0400][gc,phases   ] GC(3)   Evacuate Collection Set: 2.0ms
[2024-03-14T10:07:08.089-0400][gc,phases   ] GC(3)   Post Evacuate Collection Set: 0.2ms
[2024-03-14T10:07:08.089-0400][gc,phases   ] GC(3)   Other: 0.0ms
[2024-03-14T10:07:08.089-0400][gc,heap     ] GC(3) Eden regions: 49->0(45)
[2024-03-14T10:07:08.089-0400][gc,heap     ] GC(3) Survivor regions: 2->6(7)
[2024-03-14T10:07:08.089-0400][gc,heap     ] GC(3) Old regions: 8->8
[2024-03-14T10:07:08.089-0400][gc,heap     ] GC(3) Archive regions: 2->2
[2024-03-14T10:07:08.089-0400][gc,heap     ] GC(3) Humongous regions: 129->129
[2024-03-14T10:07:08.089-0400][gc,metaspace] GC(3) Metaspace: 32725K(33024K)->32725K(33024K) NonClass: 29248K(29440K)->29248K(29440K) Class: 3476K(3584K)->3476K(3584K)
[2024-03-14T10:07:08.089-0400][gc          ] GC(3) Pause Young (Normal) (G1 Evacuation Pause) 187M->143M(1024M) 2.423ms
[2024-03-14T10:07:08.089-0400][gc,cpu      ] GC(3) User=0.01s Sys=0.00s Real=0.00s
[2024-03-14T10:07:08.248-0400][gc,start    ] GC(4) Pause Young (Concurrent Start) (Metadata GC Threshold)
[2024-03-14T10:07:08.248-0400][gc,task     ] GC(4) Using 8 workers of 8 for evacuation
[2024-03-14T10:07:08.250-0400][gc,phases   ] GC(4)   Pre Evacuate Collection Set: 0.1ms
[2024-03-14T10:07:08.250-0400][gc,phases   ] GC(4)   Merge Heap Roots: 0.0ms
[2024-03-14T10:07:08.250-0400][gc,phases   ] GC(4)   Evacuate Collection Set: 2.1ms
[2024-03-14T10:07:08.250-0400][gc,phases   ] GC(4)   Post Evacuate Collection Set: 0.2ms
[2024-03-14T10:07:08.250-0400][gc,phases   ] GC(4)   Other: 0.0ms
[2024-03-14T10:07:08.250-0400][gc,heap     ] GC(4) Eden regions: 14->0(49)
[2024-03-14T10:07:08.250-0400][gc,heap     ] GC(4) Survivor regions: 6->2(7)
[2024-03-14T10:07:08.250-0400][gc,heap     ] GC(4) Old regions: 8->14
[2024-03-14T10:07:08.250-0400][gc,heap     ] GC(4) Archive regions: 2->2
[2024-03-14T10:07:08.250-0400][gc,heap     ] GC(4) Humongous regions: 129->129
[2024-03-14T10:07:08.250-0400][gc,metaspace] GC(4) Metaspace: 35884K(36160K)->35884K(36160K) NonClass: 31990K(32128K)->31990K(32128K) Class: 3894K(4032K)->3894K(4032K)
[2024-03-14T10:07:08.250-0400][gc          ] GC(4) Pause Young (Concurrent Start) (Metadata GC Threshold) 157M->144M(1024M) 2.588ms
[2024-03-14T10:07:08.250-0400][gc          ] GC(5) Concurrent Mark Cycle
[2024-03-14T10:07:08.250-0400][gc,cpu      ] GC(4) User=0.01s Sys=0.00s Real=0.01s
[2024-03-14T10:07:08.250-0400][gc,marking  ] GC(5) Concurrent Clear Claimed Marks
[2024-03-14T10:07:08.250-0400][gc,marking  ] GC(5) Concurrent Clear Claimed Marks 0.019ms
[2024-03-14T10:07:08.251-0400][gc,marking  ] GC(5) Concurrent Scan Root Regions
[2024-03-14T10:07:08.252-0400][gc,marking  ] GC(5) Concurrent Scan Root Regions 1.766ms
[2024-03-14T10:07:08.252-0400][gc,marking  ] GC(5) Concurrent Mark
[2024-03-14T10:07:08.252-0400][gc,marking  ] GC(5) Concurrent Mark From Roots
[2024-03-14T10:07:08.252-0400][gc,task     ] GC(5) Using 2 workers of 2 for marking
[2024-03-14T10:07:08.255-0400][gc,marking  ] GC(5) Concurrent Mark From Roots 2.930ms
[2024-03-14T10:07:08.255-0400][gc,marking  ] GC(5) Concurrent Preclean
[2024-03-14T10:07:08.255-0400][gc,marking  ] GC(5) Concurrent Preclean 0.020ms
[2024-03-14T10:07:08.255-0400][gc,start    ] GC(5) Pause Remark
[2024-03-14T10:07:08.256-0400][gc          ] GC(5) Pause Remark 145M->145M(1024M) 0.859ms
[2024-03-14T10:07:08.256-0400][gc,cpu      ] GC(5) User=0.00s Sys=0.00s Real=0.00s
[2024-03-14T10:07:08.256-0400][gc,marking  ] GC(5) Concurrent Mark 3.977ms
[2024-03-14T10:07:08.256-0400][gc,marking  ] GC(5) Concurrent Rebuild Remembered Sets
[2024-03-14T10:07:08.259-0400][gc,marking  ] GC(5) Concurrent Rebuild Remembered Sets 3.169ms
[2024-03-14T10:07:08.260-0400][gc,start    ] GC(5) Pause Cleanup
[2024-03-14T10:07:08.260-0400][gc          ] GC(5) Pause Cleanup 145M->145M(1024M) 0.082ms
[2024-03-14T10:07:08.260-0400][gc,cpu      ] GC(5) User=0.00s Sys=0.00s Real=0.00s
[2024-03-14T10:07:08.260-0400][gc,marking  ] GC(5) Concurrent Cleanup for Next Mark
[2024-03-14T10:07:08.261-0400][gc,marking  ] GC(5) Concurrent Cleanup for Next Mark 1.290ms
[2024-03-14T10:07:08.261-0400][gc          ] GC(5) Concurrent Mark Cycle 10.514ms
[2024-03-14T10:33:55.120-0400][gc,start    ] GC(6) Pause Young (Normal) (G1 Evacuation Pause)
[2024-03-14T10:33:55.120-0400][gc,task     ] GC(6) Using 8 workers of 8 for evacuation
[2024-03-14T10:33:55.127-0400][gc,phases   ] GC(6)   Pre Evacuate Collection Set: 0.4ms
[2024-03-14T10:33:55.127-0400][gc,phases   ] GC(6)   Merge Heap Roots: 0.1ms
[2024-03-14T10:33:55.127-0400][gc,phases   ] GC(6)   Evacuate Collection Set: 5.4ms
[2024-03-14T10:33:55.127-0400][gc,phases   ] GC(6)   Post Evacuate Collection Set: 0.3ms
[2024-03-14T10:33:55.127-0400][gc,phases   ] GC(6)   Other: 0.0ms
[2024-03-14T10:33:55.127-0400][gc,heap     ] GC(6) Eden regions: 49->0(47)
[2024-03-14T10:33:55.127-0400][gc,heap     ] GC(6) Survivor regions: 2->4(7)
[2024-03-14T10:33:55.127-0400][gc,heap     ] GC(6) Old regions: 14->14
[2024-03-14T10:33:55.127-0400][gc,heap     ] GC(6) Archive regions: 2->2
[2024-03-14T10:33:55.127-0400][gc,heap     ] GC(6) Humongous regions: 129->129
[2024-03-14T10:33:55.127-0400][gc,metaspace] GC(6) Metaspace: 41760K(42368K)->41760K(42368K) NonClass: 36898K(37248K)->36898K(37248K) Class: 4861K(5120K)->4861K(5120K)
[2024-03-14T10:33:55.127-0400][gc          ] GC(6) Pause Young (Normal) (G1 Evacuation Pause) 193M->147M(1024M) 6.820ms
[2024-03-14T10:33:55.127-0400][gc,cpu      ] GC(6) User=0.01s Sys=0.02s Real=0.00s
[2024-03-14T10:45:03.600-0400][gc,heap,exit] Heap
[2024-03-14T10:45:03.600-0400][gc,heap,exit]  garbage-first heap   total 1048576K, used 185210K [0x00000007c0000000, 0x0000000800000000)
[2024-03-14T10:45:03.600-0400][gc,heap,exit]   region size 1024K, 38 young (38912K), 4 survivors (4096K)
[2024-03-14T10:45:03.600-0400][gc,heap,exit]  Metaspace       used 43688K, committed 44224K, reserved 1114112K
[2024-03-14T10:45:03.600-0400][gc,heap,exit]   class space    used 5149K, committed 5376K, reserved 1048576K
