[2024-03-14T10:05:19.744-0400][gc,init] CardTable entry size: 512
[2024-03-14T10:05:19.744-0400][gc     ] Using G1
[2024-03-14T10:05:19.745-0400][gc,init] Version: 19.0.2+7-44 (release)
[2024-03-14T10:05:19.745-0400][gc,init] CPUs: 8 total, 8 available
[2024-03-14T10:05:19.745-0400][gc,init] Memory: 8192M
[2024-03-14T10:05:19.745-0400][gc,init] Large Page Support: Disabled
[2024-03-14T10:05:19.745-0400][gc,init] NUMA Support: Disabled
[2024-03-14T10:05:19.745-0400][gc,init] Compressed Oops: Enabled (Zero based)
[2024-03-14T10:05:19.745-0400][gc,init] Heap Region Size: 1M
[2024-03-14T10:05:19.745-0400][gc,init] Heap Min Capacity: 512M
[2024-03-14T10:05:19.745-0400][gc,init] Heap Initial Capacity: 512M
[2024-03-14T10:05:19.745-0400][gc,init] Heap Max Capacity: 512M
[2024-03-14T10:05:19.745-0400][gc,init] Pre-touch: Disabled
[2024-03-14T10:05:19.745-0400][gc,init] Parallel Workers: 8
[2024-03-14T10:05:19.745-0400][gc,init] Concurrent Workers: 2
[2024-03-14T10:05:19.745-0400][gc,init] Concurrent Refinement Workers: 8
[2024-03-14T10:05:19.745-0400][gc,init] Periodic GC: Disabled
[2024-03-14T10:05:19.745-0400][gc,metaspace] CDS archive(s) mapped at: [0x0000000800000000-0x0000000800c48000-0x0000000800c48000), size 12877824, SharedBaseAddress: 0x0000000800000000, ArchiveRelocationMode: 0.
[2024-03-14T10:05:19.745-0400][gc,metaspace] Compressed class space mapped at: 0x0000000801000000-0x0000000841000000, reserved size: 1073741824
[2024-03-14T10:05:19.745-0400][gc,metaspace] Narrow klass base: 0x0000000800000000, Narrow klass shift: 0, Narrow klass range: 0x100000000
[2024-03-14T10:05:20.364-0400][gc,heap,exit] Heap
[2024-03-14T10:05:20.364-0400][gc,heap,exit]  garbage-first heap   total 524288K, used 18402K [0x00000007e0000000, 0x0000000800000000)
[2024-03-14T10:05:20.364-0400][gc,heap,exit]   region size 1024K, 18 young (18432K), 0 survivors (0K)
[2024-03-14T10:05:20.364-0400][gc,heap,exit]  Metaspace       used 6638K, committed 6912K, reserved 1114112K
[2024-03-14T10:05:20.364-0400][gc,heap,exit]   class space    used 696K, committed 832K, reserved 1048576K
